ASxxxx Linker V03.00/V05.40 + sdld,  page 1.
Hexadecimal  [32-Bits]

Area                                    Addr        Size        Decimal Bytes (Attributes)
--------------------------------        ----        ----        ------- ----- ------------
CABS                                00000000    00000000 =           0. bytes (ABS,CON,CODE)

      Value  Global                              Global Defined In Module
      -----  --------------------------------   ------------------------
C:   00000000  l_BIT_BANK                      
C:   00000000  l_BSEG                          
C:   00000000  l_BSEG_BYTES                    
C:   00000000  l_CABS                          
C:   00000000  l_CONST                         
C:   00000000  l_GSINIT                        
C:   00000000  l_GSINIT1                       
C:   00000000  l_GSINIT5                       
C:   00000000  l_IABS                          
C:   00000000  l_ISEG                          
C:   00000000  l_OSEG                          
C:   00000000  l_PSEG                          
C:   00000000  l_REG_BANK_1                    
C:   00000000  l_REG_BANK_2                    
C:   00000000  l_REG_BANK_3                    
C:   00000000  l_RSEG                          
C:   00000000  l_RSEG0                         
C:   00000000  l_RSEG1                         
C:   00000000  l_XABS                          
C:   00000000  l_XINIT                         
C:   00000000  l_XISEG                         
C:   00000000  l_XSEG                          
C:   00000000  l__CODE                         
C:   00000000  s_BSEG                          
C:   00000000  s_CABS                          
C:   00000000  s_DSEG                          
C:   00000000  s_HOME                          
C:   00000000  s_IABS                          
C:   00000000  s_ISEG                          
C:   00000000  s_PSEG                          
C:   00000000  s_REG_BANK_0                    
C:   00000000  s_RSEG                          
C:   00000000  s_RSEG0                         
C:   00000000  s_RSEG1                         
C:   00000000  s_XABS                          
C:   00000000  s_XISEG                         
C:   00000000  s_XSEG                          
C:   00000003  l_GSFINAL                       
C:   00000003  l_GSINIT0                       
C:   00000008  l_REG_BANK_0                    
C:   00000008  s_REG_BANK_1                    
C:   0000000A  l_GSINIT2                       
C:   00000010  s_REG_BANK_2                    
C:   00000010  s_SSEG                          
C:   00000018  s_BIT_BANK                      
C:   00000018  s_OSEG                          
C:   00000018  s_REG_BANK_3                    
C:   00000020  s_BSEG_BYTES                    
C:   00000020  s__CODE                         
C:   00000022  l_GSINIT3                       
ASxxxx Linker V03.00/V05.40 + sdld,  page 2.
Hexadecimal  [32-Bits]

Area                                    Addr        Size        Decimal Bytes (Attributes)
--------------------------------        ----        ----        ------- ----- ------------
CABS                                00000000    00000000 =           0. bytes (ABS,CON,CODE)

      Value  Global                              Global Defined In Module
      -----  --------------------------------   ------------------------
C:   0000002A  l_GSINIT4                       
C:   0000004C  l_HOME                          
C:   0000004C  s_GSINIT0                       
C:   0000004F  s_GSINIT1                       
C:   0000004F  s_GSINIT2                       
C:   00000059  s_GSINIT3                       
C:   0000007B  s_GSINIT4                       
C:   00000080  l_DSEG                          
C:   000000A5  s_GSFINAL                       
C:   000000A5  s_GSINIT                        
C:   000000A5  s_GSINIT5                       
C:   000000A8  s_CSEG                          
C:   000000F0  l_SSEG                          
C:   00000100  l_IRAM                          
C:   000001C9  l_CSEG                          
C:   00000271  s_CONST                         
C:   00000271  s_XINIT                         

ASxxxx Linker V03.00/V05.40 + sdld,  page 3.
Hexadecimal  [32-Bits]

Area                                    Addr        Size        Decimal Bytes (Attributes)
--------------------------------        ----        ----        ------- ----- ------------
.  .ABS.                            00000000    00000000 =           0. bytes (ABS,CON)

      Value  Global                              Global Defined In Module
      -----  --------------------------------   ------------------------
     00000000  .__.ABS.                           _startup
     00000008  _system_stage                      watchdog
     0000000C  _system_flags                      watchdog
     00000010  _reset_reason                      watchdog
     00000020  _kernel_heartbeat                  watchdog
     00000024  _worker_heartbeat                  watchdog
     00000028  _worker_state                      watchdog
     00000030  _kernel_pet_seq                    watchdog
     00000034  _watchdog_last_kernel_seq          watchdog
     00000038  _watchdog_last_worker_seq          watchdog
     0000003C  _watchdog_pet_count                watchdog
     000000A0  __XPAGE                            
ASxxxx Linker V03.00/V05.40 + sdld,  page 4.
Hexadecimal  [32-Bits]

Area                                    Addr        Size        Decimal Bytes (Attributes)
--------------------------------        ----        ----        ------- ----- ------------
REG_BANK_0                          00000000    00000008 =           8. bytes (REL,OVR)

      Value  Global                              Global Defined In Module
      -----  --------------------------------   ------------------------
ASxxxx Linker V03.00/V05.40 + sdld,  page 5.
Hexadecimal  [32-Bits]

Area                                    Addr        Size        Decimal Bytes (Attributes)
--------------------------------        ----        ----        ------- ----- ------------
DSEG                                00000000    00000080 =         128. bytes (REL,CON)

      Value  Global                              Global Defined In Module
      -----  --------------------------------   ------------------------
ASxxxx Linker V03.00/V05.40 + sdld,  page 6.
Hexadecimal  [32-Bits]

Area                                    Addr        Size        Decimal Bytes (Attributes)
--------------------------------        ----        ----        ------- ----- ------------
SSEG                                00000010    000000F0 =         240. bytes (REL,OVR)

      Value  Global                              Global Defined In Module
      -----  --------------------------------   ------------------------
     00000010  __start__stack                     watchdog

ASxxxx Linker V03.00/V05.40 + sdld,  page 7.
Hexadecimal  [32-Bits]

Area                                    Addr        Size        Decimal Bytes (Attributes)
--------------------------------        ----        ----        ------- ----- ------------
HOME                                00000000    0000004C =          76. bytes (REL,CON,CODE)

      Value  Global                              Global Defined In Module
      -----  --------------------------------   ------------------------
C:   00000008  sdcc_atomic_exchange_rollback_st   watchdog
C:   0000002F  sdcc_atomic_exchange_gptr_impl     watchdog
C:   0000002F  sdcc_atomic_exchange_rollback_en   watchdog
C:   0000003F  sdcc_atomic_compare_exchange_gpt   watchdog
C:   00000049  __sdcc_program_startup             watchdog

ASxxxx Linker V03.00/V05.40 + sdld,  page 8.
Hexadecimal  [32-Bits]

Area                                    Addr        Size        Decimal Bytes (Attributes)
--------------------------------        ----        ----        ------- ----- ------------
GSINIT0                             0000004C    00000003 =           3. bytes (REL,CON,CODE)

      Value  Global                              Global Defined In Module
      -----  --------------------------------   ------------------------
C:   0000004C  __sdcc_gsinit_startup              

ASxxxx Linker V03.00/V05.40 + sdld,  page 9.
Hexadecimal  [32-Bits]

Area                                    Addr        Size        Decimal Bytes (Attributes)
--------------------------------        ----        ----        ------- ----- ------------
GSINIT2                             0000004F    0000000A =          10. bytes (REL,CON,CODE)

      Value  Global                              Global Defined In Module
      -----  --------------------------------   ------------------------
ASxxxx Linker V03.00/V05.40 + sdld,  page 10.
Hexadecimal  [32-Bits]

Area                                    Addr        Size        Decimal Bytes (Attributes)
--------------------------------        ----        ----        ------- ----- ------------
GSINIT3                             00000059    00000022 =          34. bytes (REL,CON,CODE)

      Value  Global                              Global Defined In Module
      -----  --------------------------------   ------------------------
C:   00000059  __mcs51_genXINIT                   

ASxxxx Linker V03.00/V05.40 + sdld,  page 11.
Hexadecimal  [32-Bits]

Area                                    Addr        Size        Decimal Bytes (Attributes)
--------------------------------        ----        ----        ------- ----- ------------
GSINIT4                             0000007B    0000002A =          42. bytes (REL,CON,CODE)

      Value  Global                              Global Defined In Module
      -----  --------------------------------   ------------------------
C:   0000007B  __mcs51_genRAMCLEAR                
C:   00000081  __mcs51_genXRAMCLEAR               

ASxxxx Linker V03.00/V05.40 + sdld,  page 12.
Hexadecimal  [32-Bits]

Area                                    Addr        Size        Decimal Bytes (Attributes)
--------------------------------        ----        ----        ------- ----- ------------
GSFINAL                             000000A5    00000003 =           3. bytes (REL,CON,CODE)

      Value  Global                              Global Defined In Module
      -----  --------------------------------   ------------------------
ASxxxx Linker V03.00/V05.40 + sdld,  page 13.
Hexadecimal  [32-Bits]

Area                                    Addr        Size        Decimal Bytes (Attributes)
--------------------------------        ----        ----        ------- ----- ------------
CSEG                                000000A8    000001C9 =         457. bytes (REL,CON,CODE)

      Value  Global                              Global Defined In Module
      -----  --------------------------------   ------------------------
C:   000000F2  _main                              watchdog
C:   0000026D  ___sdcc_external_startup           _startup

ASxxxx Linker V03.00/V05.40 + sdld,  page 14.

Files Linked                              [ module(s) ]

../build/mars_mcu_fw.rel                  [  ]


Libraries Linked                          [ object file ]

/usr/bin/../share/sdcc/lib/small/mcs51.lib
                                          [ crtclear.rel ]
/usr/bin/../share/sdcc/lib/small/mcs51.lib
                                          [ crtxinit.rel ]
/usr/bin/../share/sdcc/lib/small/mcs51.lib
                                          [ crtxclear.rel ]
/usr/bin/../share/sdcc/lib/small/mcs51.lib
                                          [ crtpagesfr.rel ]
/usr/bin/../share/sdcc/lib/small/mcs51.lib
                                          [ crtstart.rel ]
/usr/bin/../share/sdcc/lib/small/libsdcc.lib
                                          [ _startup.rel ]

ASxxxx Linker V03.00/V05.40 + sdld,  page 15.

User Base Address Definitions

HOME = 0x0000
ISEG = 0x0000
BSEG = 0x0000

